// Jest Snapshot v1, https://goo.gl/fbAQLP

exports[`Header should match snapshot 1`] = `
Object {
  "asFragment": [Function],
  "baseElement": .c0 {
  width: 100%;
  height: 390px;
  display: -webkit-box;
  display: -webkit-flex;
  display: -ms-flexbox;
  display: flex;
  -webkit-flex-direction: column;
  -ms-flex-direction: column;
  flex-direction: column;
  -webkit-align-items: center;
  -webkit-box-align: center;
  -ms-flex-align: center;
  align-items: center;
  position: relative;
  background-color: var(--green-light);
}

.c1 {
  width: 100%;
  max-width: 215px;
  padding: 17px 33px;
  font-weight: 500;
  font-size: 15px;
  line-height: 18px;
  border-radius: 05px;
  background-color: var(--white);
  margin-top: 30px;
}

.c2 {
  display: -webkit-box;
  display: -webkit-flex;
  display: -ms-flexbox;
  display: flex;
  -webkit-flex-direction: column;
  -ms-flex-direction: column;
  flex-direction: column;
  -webkit-align-items: center;
  -webkit-box-align: center;
  -ms-flex-align: center;
  align-items: center;
  margin-top: 45px;
}

.c2 .logo-container {
  display: -webkit-box;
  display: -webkit-flex;
  display: -ms-flexbox;
  display: flex;
  -webkit-flex-direction: column;
  -ms-flex-direction: column;
  flex-direction: column;
  -webkit-box-pack: center;
  -webkit-justify-content: center;
  -ms-flex-pack: center;
  justify-content: center;
  -webkit-align-items: center;
  -webkit-box-align: center;
  -ms-flex-align: center;
  align-items: center;
}

.c2 .logo-container > img {
  height: 55px;
}

.c2 .logo-container > h1 {
  color: var(--white);
  font-size: 26px;
  line-height: 37px;
  margin-top: 11px;
}

.c2 p {
  margin-top: 88px;
  font-weight: 500;
  font-size: 14px;
  line-height: 17px;
  color: var(--white);
}

.c2 strong {
  display: block;
  font-size: 18px;
  line-height: 24px;
  color: #ffffff;
  margin-top: 06px;
}

@media screen and (min-width:700px) {
  .c0 {
    height: 100vh;
    max-width: 550px;
  }

  .c0::after {
    content: '';
    width: 40px;
    height: 100%;
    background-color: var(--background);
    position: absolute;
    border-radius: 62%;
    right: -19px;
  }
}

@media screen and (max-width:700px) {
  .c0::after {
    content: '';
    width: 100%;
    height: 52px;
    background-color: var(--background);
    position: absolute;
    border-radius: 40%;
    top: 92%;
  }
}

@media screen and (min-width:700px) {
  .c2 {
    height: 100%;
    -webkit-box-pack: space-around;
    -webkit-justify-content: space-around;
    -ms-flex-pack: space-around;
    justify-content: space-around;
  }
}

<body>
    <div>
      <div
        class="c0"
      >
        <select
          class="c1"
          data-testid="select"
        >
          <option
            data-testid="selected-option-0"
            value="mega-sena"
          >
            MEGA-SENA
          </option>
          <option
            data-testid="selected-option-1"
            value="quina"
          >
            QUINA
          </option>
          <option
            data-testid="selected-option-2"
            value="lotofácil"
          >
            LOTOFÁCIL
          </option>
          <option
            data-testid="selected-option-3"
            value="lotomania"
          >
            LOTOMANIA
          </option>
          <option
            data-testid="selected-option-4"
            value="timemania"
          >
            TIMEMANIA
          </option>
          <option
            data-testid="selected-option-5"
            value="dia de sorte"
          >
            DIA DE SORTE
          </option>
        </select>
        <div
          class="c2"
        >
          <div
            class="logo-container"
          >
            <img
              alt="logo brain challenge"
              src="logo.svg"
            />
            <h1>
              MEGA-SENA
            </h1>
          </div>
          <div>
            <p>
              Concurso
            </p>
            <strong>
              2359 – 25/08/2021
            </strong>
          </div>
        </div>
      </div>
    </div>
  </body>,
  "container": <div>
    <div
      class="sc-bdnxRM hxsYFM"
    >
      <select
        class="sc-gtsrHT fUpVAm"
        data-testid="select"
      >
        <option
          data-testid="selected-option-0"
          value="mega-sena"
        >
          MEGA-SENA
        </option>
        <option
          data-testid="selected-option-1"
          value="quina"
        >
          QUINA
        </option>
        <option
          data-testid="selected-option-2"
          value="lotofácil"
        >
          LOTOFÁCIL
        </option>
        <option
          data-testid="selected-option-3"
          value="lotomania"
        >
          LOTOMANIA
        </option>
        <option
          data-testid="selected-option-4"
          value="timemania"
        >
          TIMEMANIA
        </option>
        <option
          data-testid="selected-option-5"
          value="dia de sorte"
        >
          DIA DE SORTE
        </option>
      </select>
      <div
        class="sc-dlnjwi dTFYgY"
      >
        <div
          class="logo-container"
        >
          <img
            alt="logo brain challenge"
            src="logo.svg"
          />
          <h1>
            MEGA-SENA
          </h1>
        </div>
        <div>
          <p>
            Concurso
          </p>
          <strong>
            2359 – 25/08/2021
          </strong>
        </div>
      </div>
    </div>
  </div>,
  "debug": [Function],
  "findAllByAltText": [Function],
  "findAllByDisplayValue": [Function],
  "findAllByLabelText": [Function],
  "findAllByPlaceholderText": [Function],
  "findAllByRole": [Function],
  "findAllByTestId": [Function],
  "findAllByText": [Function],
  "findAllByTitle": [Function],
  "findByAltText": [Function],
  "findByDisplayValue": [Function],
  "findByLabelText": [Function],
  "findByPlaceholderText": [Function],
  "findByRole": [Function],
  "findByTestId": [Function],
  "findByText": [Function],
  "findByTitle": [Function],
  "getAllByAltText": [Function],
  "getAllByDisplayValue": [Function],
  "getAllByLabelText": [Function],
  "getAllByPlaceholderText": [Function],
  "getAllByRole": [Function],
  "getAllByTestId": [Function],
  "getAllByText": [Function],
  "getAllByTitle": [Function],
  "getByAltText": [Function],
  "getByDisplayValue": [Function],
  "getByLabelText": [Function],
  "getByPlaceholderText": [Function],
  "getByRole": [Function],
  "getByTestId": [Function],
  "getByText": [Function],
  "getByTitle": [Function],
  "queryAllByAltText": [Function],
  "queryAllByDisplayValue": [Function],
  "queryAllByLabelText": [Function],
  "queryAllByPlaceholderText": [Function],
  "queryAllByRole": [Function],
  "queryAllByTestId": [Function],
  "queryAllByText": [Function],
  "queryAllByTitle": [Function],
  "queryByAltText": [Function],
  "queryByDisplayValue": [Function],
  "queryByLabelText": [Function],
  "queryByPlaceholderText": [Function],
  "queryByRole": [Function],
  "queryByTestId": [Function],
  "queryByText": [Function],
  "queryByTitle": [Function],
  "rerender": [Function],
  "unmount": [Function],
}
`;
