// Jest Snapshot v1, https://goo.gl/fbAQLP

exports[`ResultNumbers should match snapshots 1`] = `
Object {
  "asFragment": [Function],
  "baseElement": .c0 {
  display: -webkit-box;
  display: -webkit-flex;
  display: -ms-flexbox;
  display: flex;
  width: 100%;
  -webkit-box-pack: center;
  -webkit-justify-content: center;
  -ms-flex-pack: center;
  justify-content: center;
  margin-top: 13px;
}

.c1 {
  display: -webkit-box;
  display: -webkit-flex;
  display: -ms-flexbox;
  display: flex;
  -webkit-box-pack: center;
  -webkit-justify-content: center;
  -ms-flex-pack: center;
  justify-content: center;
  -webkit-flex-wrap: wrap;
  -ms-flex-wrap: wrap;
  flex-wrap: wrap;
  width: 100%;
  list-style: none;
}

.c1 > li {
  display: -webkit-box;
  display: -webkit-flex;
  display: -ms-flexbox;
  display: flex;
  -webkit-box-pack: center;
  -webkit-justify-content: center;
  -ms-flex-pack: center;
  justify-content: center;
  -webkit-align-items: center;
  -webkit-box-align: center;
  -ms-flex-align: center;
  align-items: center;
  margin: 8px 8px;
  width: 44px;
  height: 44px;
  background: var(--white);
  border-radius: 50%;
  font-weight: 700;
  font-size: 20px;
}

@media screen and (min-width:700px) {
  .c0 {
    margin: 0;
  }
}

@media screen and (min-width:700px) {
  .c1 > li {
    width: 111px;
    height: 111px;
    margin: 10px 10px;
    font-size: 26px;
  }
}

<body>
    <div>
      <div
        class="c0"
      >
        <ul
          class="c1"
        >
          <li
            data-testid="result-number-list"
          >
            31
          </li>
          <li
            data-testid="result-number-list"
          >
            32
          </li>
          <li
            data-testid="result-number-list"
          >
            39
          </li>
          <li
            data-testid="result-number-list"
          >
            42
          </li>
          <li
            data-testid="result-number-list"
          >
            43
          </li>
          <li
            data-testid="result-number-list"
          >
            51
          </li>
        </ul>
      </div>
    </div>
  </body>,
  "container": <div>
    <div
      class="sc-bdnxRM fkYXbU"
    >
      <ul
        class="sc-gtsrHT juOHwc"
      >
        <li
          data-testid="result-number-list"
        >
          31
        </li>
        <li
          data-testid="result-number-list"
        >
          32
        </li>
        <li
          data-testid="result-number-list"
        >
          39
        </li>
        <li
          data-testid="result-number-list"
        >
          42
        </li>
        <li
          data-testid="result-number-list"
        >
          43
        </li>
        <li
          data-testid="result-number-list"
        >
          51
        </li>
      </ul>
    </div>
  </div>,
  "debug": [Function],
  "findAllByAltText": [Function],
  "findAllByDisplayValue": [Function],
  "findAllByLabelText": [Function],
  "findAllByPlaceholderText": [Function],
  "findAllByRole": [Function],
  "findAllByTestId": [Function],
  "findAllByText": [Function],
  "findAllByTitle": [Function],
  "findByAltText": [Function],
  "findByDisplayValue": [Function],
  "findByLabelText": [Function],
  "findByPlaceholderText": [Function],
  "findByRole": [Function],
  "findByTestId": [Function],
  "findByText": [Function],
  "findByTitle": [Function],
  "getAllByAltText": [Function],
  "getAllByDisplayValue": [Function],
  "getAllByLabelText": [Function],
  "getAllByPlaceholderText": [Function],
  "getAllByRole": [Function],
  "getAllByTestId": [Function],
  "getAllByText": [Function],
  "getAllByTitle": [Function],
  "getByAltText": [Function],
  "getByDisplayValue": [Function],
  "getByLabelText": [Function],
  "getByPlaceholderText": [Function],
  "getByRole": [Function],
  "getByTestId": [Function],
  "getByText": [Function],
  "getByTitle": [Function],
  "queryAllByAltText": [Function],
  "queryAllByDisplayValue": [Function],
  "queryAllByLabelText": [Function],
  "queryAllByPlaceholderText": [Function],
  "queryAllByRole": [Function],
  "queryAllByTestId": [Function],
  "queryAllByText": [Function],
  "queryAllByTitle": [Function],
  "queryByAltText": [Function],
  "queryByDisplayValue": [Function],
  "queryByLabelText": [Function],
  "queryByPlaceholderText": [Function],
  "queryByRole": [Function],
  "queryByTestId": [Function],
  "queryByText": [Function],
  "queryByTitle": [Function],
  "rerender": [Function],
  "unmount": [Function],
}
`;
