// Jest Snapshot v1, https://goo.gl/fbAQLP

exports[`Select should match snapshots 1`] = `
Object {
  "asFragment": [Function],
  "baseElement": .c0 {
  width: 100%;
  max-width: 215px;
  padding: 17px 33px;
  font-weight: 500;
  font-size: 15px;
  line-height: 18px;
  border-radius: 05px;
  background-color: var(--white);
  margin-top: 30px;
}

<body>
    <div>
      <select
        class="c0"
        data-testid="select"
      >
        <option
          data-testid="selected-option-0"
          value="mega-sena"
        >
          MEGA-SENA
        </option>
        <option
          data-testid="selected-option-1"
          value="quina"
        >
          QUINA
        </option>
        <option
          data-testid="selected-option-2"
          value="lotofácil"
        >
          LOTOFÁCIL
        </option>
        <option
          data-testid="selected-option-3"
          value="lotomania"
        >
          LOTOMANIA
        </option>
        <option
          data-testid="selected-option-4"
          value="timemania"
        >
          TIMEMANIA
        </option>
        <option
          data-testid="selected-option-5"
          value="dia de sorte"
        >
          DIA DE SORTE
        </option>
      </select>
    </div>
  </body>,
  "container": <div>
    <select
      class="sc-bdnxRM heiljH"
      data-testid="select"
    >
      <option
        data-testid="selected-option-0"
        value="mega-sena"
      >
        MEGA-SENA
      </option>
      <option
        data-testid="selected-option-1"
        value="quina"
      >
        QUINA
      </option>
      <option
        data-testid="selected-option-2"
        value="lotofácil"
      >
        LOTOFÁCIL
      </option>
      <option
        data-testid="selected-option-3"
        value="lotomania"
      >
        LOTOMANIA
      </option>
      <option
        data-testid="selected-option-4"
        value="timemania"
      >
        TIMEMANIA
      </option>
      <option
        data-testid="selected-option-5"
        value="dia de sorte"
      >
        DIA DE SORTE
      </option>
    </select>
  </div>,
  "debug": [Function],
  "findAllByAltText": [Function],
  "findAllByDisplayValue": [Function],
  "findAllByLabelText": [Function],
  "findAllByPlaceholderText": [Function],
  "findAllByRole": [Function],
  "findAllByTestId": [Function],
  "findAllByText": [Function],
  "findAllByTitle": [Function],
  "findByAltText": [Function],
  "findByDisplayValue": [Function],
  "findByLabelText": [Function],
  "findByPlaceholderText": [Function],
  "findByRole": [Function],
  "findByTestId": [Function],
  "findByText": [Function],
  "findByTitle": [Function],
  "getAllByAltText": [Function],
  "getAllByDisplayValue": [Function],
  "getAllByLabelText": [Function],
  "getAllByPlaceholderText": [Function],
  "getAllByRole": [Function],
  "getAllByTestId": [Function],
  "getAllByText": [Function],
  "getAllByTitle": [Function],
  "getByAltText": [Function],
  "getByDisplayValue": [Function],
  "getByLabelText": [Function],
  "getByPlaceholderText": [Function],
  "getByRole": [Function],
  "getByTestId": [Function],
  "getByText": [Function],
  "getByTitle": [Function],
  "queryAllByAltText": [Function],
  "queryAllByDisplayValue": [Function],
  "queryAllByLabelText": [Function],
  "queryAllByPlaceholderText": [Function],
  "queryAllByRole": [Function],
  "queryAllByTestId": [Function],
  "queryAllByText": [Function],
  "queryAllByTitle": [Function],
  "queryByAltText": [Function],
  "queryByDisplayValue": [Function],
  "queryByLabelText": [Function],
  "queryByPlaceholderText": [Function],
  "queryByRole": [Function],
  "queryByTestId": [Function],
  "queryByText": [Function],
  "queryByTitle": [Function],
  "rerender": [Function],
  "unmount": [Function],
}
`;
